2025-11-03 10:29:00.102 [main] INFO  com.pzr.TliasWebManagementApplication-Starting TliasWebManagementApplication using Java 21.0.4 with PID 55072 (D:\JAVA\javaWeb\web_ai_project01\web-ai-project02\tlias-web-management\target\classes started by 27119 in D:\JAVA\javaWeb\web_ai_project01\web-ai-project02)
2025-11-03 10:29:00.104 [main] INFO  com.pzr.TliasWebManagementApplication-No active profile set, falling back to 1 default profile: "default"
2025-11-03 10:29:01.182 [main] INFO  o.s.boot.web.embedded.tomcat.TomcatWebServer-Tomcat initialized with port 8080 (http)
2025-11-03 10:29:01.194 [main] INFO  org.apache.coyote.http11.Http11NioProtocol-Initializing ProtocolHandler ["http-nio-8080"]
2025-11-03 10:29:01.199 [main] INFO  org.apache.catalina.core.StandardService-Starting service [Tomcat]
2025-11-03 10:29:01.199 [main] INFO  org.apache.catalina.core.StandardEngine-Starting Servlet engine: [Apache Tomcat/10.1.30]
2025-11-03 10:29:01.263 [main] INFO  o.a.c.core.ContainerBase.[Tomcat].[localhost].[/]-Initializing Spring embedded WebApplicationContext
2025-11-03 10:29:01.263 [main] INFO  o.s.b.w.s.c.ServletWebServerApplicationContext-Root WebApplicationContext: initialization completed in 1118 ms
2025-11-03 10:29:01.987 [main] INFO  org.apache.coyote.http11.Http11NioProtocol-Starting ProtocolHandler ["http-nio-8080"]
2025-11-03 10:29:02.006 [main] INFO  o.s.boot.web.embedded.tomcat.TomcatWebServer-Tomcat started on port 8080 (http) with context path ''
2025-11-03 10:29:02.014 [main] INFO  com.pzr.TliasWebManagementApplication-Started TliasWebManagementApplication in 2.35 seconds (process running for 3.931)
2025-11-03 10:30:24.001 [http-nio-8080-exec-2] INFO  o.a.c.core.ContainerBase.[Tomcat].[localhost].[/]-Initializing Spring DispatcherServlet 'dispatcherServlet'
2025-11-03 10:30:24.001 [http-nio-8080-exec-2] INFO  org.springframework.web.servlet.DispatcherServlet-Initializing Servlet 'dispatcherServlet'
2025-11-03 10:30:24.002 [http-nio-8080-exec-2] INFO  org.springframework.web.servlet.DispatcherServlet-Completed initialization in 1 ms
2025-11-03 10:30:24.053 [http-nio-8080-exec-2] INFO  com.pzr.controller.DeptController-查询全部部门信息
2025-11-03 10:30:24.084 [http-nio-8080-exec-2] INFO  com.zaxxer.hikari.HikariDataSource-HikariPool-1 - Starting...
2025-11-03 10:30:24.250 [http-nio-8080-exec-3] INFO  com.pzr.controller.EmpController-分页查询: EmpQueryParam(page=1, pageSize=10, name=, gender=null, begin=null, end=null)
2025-11-03 10:30:24.613 [http-nio-8080-exec-2] INFO  com.zaxxer.hikari.pool.HikariPool-HikariPool-1 - Added connection com.mysql.cj.jdbc.ConnectionImpl@58f701a8
2025-11-03 10:30:24.618 [http-nio-8080-exec-2] INFO  com.zaxxer.hikari.HikariDataSource-HikariPool-1 - Start completed.
2025-11-03 10:30:24.804 [http-nio-8080-exec-1] INFO  com.pzr.controller.DeptController-查询全部部门信息
2025-11-03 10:31:36.791 [http-nio-8080-exec-5] INFO  com.pzr.controller.EmpController-新增员工: Emp(id=null, username=cccc, password=null, name=aaaa, gender=1, phone=13487991111, job=2, salary=5666666, image=, entryDate=2025-11-10, deptId=7, createTime=null, updateTime=null, deptName=null, exprList=[EmpExpr(id=null, empId=null, begin=2025-11-03, end=2025-12-09, company=娄底职业, job=asdffg)])
2025-11-03 10:31:36.805 [http-nio-8080-exec-5] DEBUG o.s.jdbc.support.JdbcTransactionManager-Creating new transaction with name [com.pzr.service.impl.EmpServiceImpl.save]: PROPAGATION_REQUIRED,ISOLATION_DEFAULT,-java.lang.Exception
2025-11-03 10:31:36.805 [http-nio-8080-exec-5] DEBUG o.s.jdbc.support.JdbcTransactionManager-Acquired Connection [HikariProxyConnection@2021763453 wrapping com.mysql.cj.jdbc.ConnectionImpl@58f701a8] for JDBC transaction
2025-11-03 10:31:36.807 [http-nio-8080-exec-5] DEBUG o.s.jdbc.support.JdbcTransactionManager-Switching JDBC Connection [HikariProxyConnection@2021763453 wrapping com.mysql.cj.jdbc.ConnectionImpl@58f701a8] to manual commit
2025-11-03 10:31:36.844 [http-nio-8080-exec-5] DEBUG o.s.jdbc.support.JdbcTransactionManager-Initiating transaction commit
2025-11-03 10:31:36.844 [http-nio-8080-exec-5] DEBUG o.s.jdbc.support.JdbcTransactionManager-Committing JDBC transaction on Connection [HikariProxyConnection@2021763453 wrapping com.mysql.cj.jdbc.ConnectionImpl@58f701a8]
2025-11-03 10:31:36.850 [http-nio-8080-exec-5] DEBUG o.s.jdbc.support.JdbcTransactionManager-Releasing JDBC Connection [HikariProxyConnection@2021763453 wrapping com.mysql.cj.jdbc.ConnectionImpl@58f701a8] after transaction
2025-11-03 10:31:36.863 [http-nio-8080-exec-6] INFO  com.pzr.controller.EmpController-分页查询: EmpQueryParam(page=1, pageSize=10, name=, gender=null, begin=null, end=null)
2025-11-03 10:35:36.444 [http-nio-8080-exec-7] INFO  com.pzr.controller.DeptController-查询全部部门信息
2025-11-03 10:35:36.672 [http-nio-8080-exec-8] INFO  com.pzr.controller.EmpController-分页查询: EmpQueryParam(page=1, pageSize=10, name=, gender=null, begin=null, end=null)
2025-11-03 10:35:36.693 [http-nio-8080-exec-9] INFO  com.pzr.controller.DeptController-查询全部部门信息
2025-11-03 10:35:43.813 [http-nio-8080-exec-10] INFO  com.pzr.controller.DeptController-查询全部部门信息
2025-11-03 10:35:43.813 [http-nio-8080-exec-9] INFO  com.pzr.controller.EmpController-分页查询: EmpQueryParam(page=1, pageSize=10, name=, gender=null, begin=null, end=null)
2025-11-03 10:35:44.418 [http-nio-8080-exec-2] INFO  com.pzr.controller.DeptController-查询全部部门信息
2025-11-03 10:35:45.103 [http-nio-8080-exec-3] INFO  com.pzr.controller.DeptController-查询全部部门信息
2025-11-03 10:35:45.104 [http-nio-8080-exec-1] INFO  com.pzr.controller.EmpController-分页查询: EmpQueryParam(page=1, pageSize=10, name=, gender=null, begin=null, end=null)
2025-11-03 10:44:41.671 [SpringApplicationShutdownHook] INFO  com.zaxxer.hikari.HikariDataSource-HikariPool-1 - Shutdown initiated...
2025-11-03 10:44:41.685 [SpringApplicationShutdownHook] INFO  com.zaxxer.hikari.HikariDataSource-HikariPool-1 - Shutdown completed.
2025-11-03 10:44:45.160 [main] INFO  com.pzr.TliasWebManagementApplication-Starting TliasWebManagementApplication using Java 21.0.4 with PID 49904 (D:\JAVA\javaWeb\web_ai_project01\web-ai-project02\tlias-web-management\target\classes started by 27119 in D:\JAVA\javaWeb\web_ai_project01\web-ai-project02)
2025-11-03 10:44:45.162 [main] INFO  com.pzr.TliasWebManagementApplication-No active profile set, falling back to 1 default profile: "default"
2025-11-03 10:44:46.294 [main] INFO  o.s.boot.web.embedded.tomcat.TomcatWebServer-Tomcat initialized with port 8080 (http)
2025-11-03 10:44:46.310 [main] INFO  org.apache.coyote.http11.Http11NioProtocol-Initializing ProtocolHandler ["http-nio-8080"]
2025-11-03 10:44:46.314 [main] INFO  org.apache.catalina.core.StandardService-Starting service [Tomcat]
2025-11-03 10:44:46.314 [main] INFO  org.apache.catalina.core.StandardEngine-Starting Servlet engine: [Apache Tomcat/10.1.30]
2025-11-03 10:44:46.388 [main] INFO  o.a.c.core.ContainerBase.[Tomcat].[localhost].[/]-Initializing Spring embedded WebApplicationContext
2025-11-03 10:44:46.388 [main] INFO  o.s.b.w.s.c.ServletWebServerApplicationContext-Root WebApplicationContext: initialization completed in 1185 ms
2025-11-03 10:44:47.152 [main] INFO  org.apache.coyote.http11.Http11NioProtocol-Starting ProtocolHandler ["http-nio-8080"]
2025-11-03 10:44:47.177 [main] INFO  o.s.boot.web.embedded.tomcat.TomcatWebServer-Tomcat started on port 8080 (http) with context path ''
2025-11-03 10:44:47.186 [main] INFO  com.pzr.TliasWebManagementApplication-Started TliasWebManagementApplication in 2.439 seconds (process running for 3.626)
2025-11-03 10:45:30.132 [http-nio-8080-exec-1] INFO  o.a.c.core.ContainerBase.[Tomcat].[localhost].[/]-Initializing Spring DispatcherServlet 'dispatcherServlet'
2025-11-03 10:45:30.133 [http-nio-8080-exec-1] INFO  org.springframework.web.servlet.DispatcherServlet-Initializing Servlet 'dispatcherServlet'
2025-11-03 10:45:30.135 [http-nio-8080-exec-1] INFO  org.springframework.web.servlet.DispatcherServlet-Completed initialization in 2 ms
